Sprockell 0 says 17
Sprockell 0 says 17
Sprockell 0 says 17
