Sprockell 0 says 1
Sprockell 0 says 2
Sprockell 0 says 3
Sprockell 0 says 4
