Sprockell 1 says 10
Sprockell 1 says 50
Sprockell 1 says 20
