Sprockell 1 says S
Sprockell 1 says 0
Sprockell 1 says E
Sprockell 2 says S
Sprockell 2 says 100
Sprockell 2 says E
Sprockell 1 says S
Sprockell 1 says 50
Sprockell 1 says E
