Sprockell 0 says 5
Sprockell 0 says n
Sprockell 0 says False
Sprockell 0 says 7
Sprockell 0 says p
Sprockell 0 says True
